Script started on Mon 26 Sep 2016 06:21:22 PM EDT
[?1034hbash-4.1$ cd ~/r[Kos161/root/
bash-4.1$ cs161-gdb kernel
[?1034hGNU gdb 6.6
Copyright (C) 2006 Free Software Foundation, Inc.
GDB is free software, covered by the GNU General Public License, and you are
welcome to change it and/or distribute copies of it under certain conditions.
Type "show copying" to see the conditions.
There is absolutely no warranty for GDB.  Type "show warranty" for details.
This GDB was configured as "--host=x86_64-unknown-linux-gnu --target=mips-elf"...
(gdb) target remote unix:.sockets/gdb
Remote debugging using unix:.sockets/gdb
__start () at ../../arch/mips/mips/start.S:24
24	../../arch/mips/mips/start.S: No such file or directory.
	in ../../arch/mips/mips/start.S
Current language:  auto; currently asm
(gdb) break menu
Breakpoint 1 at 0x8001babc
(gdb) c
Continuing.

Breakpoint 1, 0xffffffff8001babc in menu ()
(gdb) where
#0  0xffffffff8001babc in menu ()
#1  0xffffffff8001a9ec in kmain ()
#2  0xffffffff8000d274 in __start () at ../../arch/mips/mips/start.S:163
(gdb) detach
Ending remote debugging.
(gdb) quit
bash-4.1$ ex[K[K^C
bash-4.1$ exit
exit

Script done on Mon 26 Sep 2016 06:22:17 PM EDT
